<html>
<body>
<pre>
<h1>µVision Build Log</h1>
<h2>Tool Versions:</h2>
IDE-Version: µVision V5.28.0.0
Copyright (C) 2019 ARM Ltd and ARM Germany GmbH. All rights reserved.
License Information: l l, l, LIC=UB430-BVDPM-FZ6WU-SICGE-LF28T-81I3J
 
Tool Versions:
Toolchain:       MDK-ARM Professional  Version: 5.28.0.0
Toolchain Path:  C:\Keil_v5\ARM\ARMCLANG\Bin
C Compiler:      ArmClang.exe V6.12
Assembler:       Armasm.exe V6.12
Linker/Locator:  ArmLink.exe V6.12
Library Manager: ArmAr.exe V6.12
Hex Converter:   FromElf.exe V6.12
CPU DLL:         SARMCM3.DLL V5.28.0.0
Dialog DLL:      DCM.DLL V1.17.3.0
Target DLL:      Segger\JL2CM3.dll V2.99.36.0
Dialog DLL:      TCM.DLL V1.36.2.0
 
<h2>Project:</h2>
F:\private\segway\src\cube\MDK-ARM\segway.uvprojx
Project File Date:  03/23/2020

<h2>Output:</h2>
*** Using Compiler 'V6.12', folder: 'C:\Keil_v5\ARM\ARMCLANG\Bin'
Build target 'DEBUG'
assembling startup_stm32f401xe.s...
compiling spi.c...
compiling i2c.c...
compiling dma.c...
compiling adc.c...
compiling main.c...
compiling gpio.c...
compiling tim.c...
compiling stm32f4xx_it.c...
compiling usb_device.c...
compiling usart.c...
compiling stm32f4xx_hal_msp.c...
compiling stm32f4xx_hal_timebase_tim.c...
compiling usbd_desc.c...
compiling usbd_cdc_if.c...
compiling stm32f4xx_hal_pcd_ex.c...
compiling usbd_conf.c...
compiling stm32f4xx_hal_pcd.c...
compiling stm32f4xx_hal_rcc_ex.c...
compiling stm32f4xx_hal_rcc.c...
compiling stm32f4xx_hal_flash.c...
compiling stm32f4xx_ll_usb.c...
compiling stm32f4xx_hal_flash_ex.c...
compiling stm32f4xx_hal_flash_ramfunc.c...
compiling stm32f4xx_hal_gpio.c...
compiling stm32f4xx_hal_dma_ex.c...
compiling stm32f4xx_hal_pwr.c...
compiling stm32f4xx_hal_dma.c...
compiling stm32f4xx_hal_pwr_ex.c...
compiling stm32f4xx_hal.c...
compiling stm32f4xx_hal_cortex.c...
compiling stm32f4xx_hal_exti.c...
compiling stm32f4xx_hal_adc_ex.c...
compiling stm32f4xx_hal_i2c_ex.c...
compiling stm32f4xx_hal_adc.c...
compiling stm32f4xx_hal_spi.c...
compiling system_stm32f4xx.c...
compiling stm32f4xx_hal_i2c.c...
compiling usbd_core.c...
compiling stm32f4xx_hal_tim_ex.c...
compiling stm32f4xx_hal_tim.c...
compiling stm32f4xx_hal_uart.c...
compiling usbd_ioreq.c...
compiling usbd_ctlreq.c...
compiling usbd_cdc.c...
compiling imu.cpp...
compiling LowPassFilter.cpp...
compiling LowPassFilter2p.cpp...
compiling math_common.cpp...
compiling platform.cpp...
compiling hal_uart.cpp...
compiling led.cpp...
compiling hal_usb.cpp...
compiling motor.cpp...
compiling applications.cpp...
compiling mpu9250.cpp...
compiling sonic.cpp...
compiling oled.c...
compiling croutine.c...
compiling event_groups.c...
compiling list.c...
compiling stream_buffer.c...
compiling queue.c...
compiling heap_4.c...
compiling port.c...
compiling timers.c...
compiling tasks.c...
linking...
Program Size: Code=44104 RO-data=3052 RW-data=384 ZI-data=61432  
FromELF: creating hex file...
"segway\segway.axf" - 0 Error(s), 0 Warning(s).

<h2>Software Packages used:</h2>

Package Vendor: ARM
                http://www.keil.com/pack/ARM.CMSIS.5.5.1.pack
                ARM.CMSIS.5.5.1
                CMSIS (Cortex Microcontroller Software Interface Standard)
   * Component: DSP Variant: Library Version: 1.6.0

Package Vendor: Keil
                http://www.keil.com/pack/Keil.STM32F4xx_DFP.2.13.0.pack
                Keil.STM32F4xx_DFP.2.13.0
                STMicroelectronics STM32F4 Series Device Support, Drivers and Examples

<h2>Collection of Component include folders:</h2>
  .\RTE\_DEBUG
  C:\Keil_v5\ARM\PACK\ARM\CMSIS\5.5.1\CMSIS\DSP\Include
  C:\Keil_v5\ARM\PACK\Keil\STM32F4xx_DFP\2.13.0\Drivers\CMSIS\Device\ST\STM32F4xx\Include

<h2>Collection of Component Files used:</h2>

   * Component: ARM::CMSIS:DSP:Library:1.6.0
      Include file:  CMSIS\DSP\Include\arm_math.h
      Library file:  CMSIS\DSP\Lib\ARM\arm_cortexM4lf_math.lib
Build Time Elapsed:  00:00:08
</pre>
</body>
</html>
